request 1: hello
request 2: session.new
request 3: birth.action
request 4: dungeon.camera
request 5: dungeon.tiles
request 6: dungeon.tiles
request 7: dungeon.tiles
request 8: dungeon.tiles
request 9: dungeon.tiles
request 10: dungeon.tiles
request 11: dungeon.tiles
request 12: dungeon.camera
request 13: targeting.begin
request 14: targeting.control
request 15: command.execute
request 16: prompt.reply
request 17: command.execute
request 18: prompt.reply
request 19: command.execute
request 20: terminal.input
request 21: command.execute
request 22: targeting.control
request 23: targeting.blast
request 24: targeting.control
request 25: terminal.input
request 26: command.execute
request 27: terminal.input
request 28: command.execute
request 29: session.close
PASS: session returned to host; 310 checks, 29 requests, 29 responses
