request 1: hello
request 2: session.new
request 3: birth.action
request 4: command.execute
request 5: store.buy
request 6: prompt.reply
request 7: prompt.reply
request 8: store.buy
request 9: prompt.reply
request 10: prompt.reply
request 10: terminal.input
request 11: store.sell
request 12: prompt.reply
request 13: prompt.reply
request 14: store.leave
request 14: terminal.input
request 15: command.execute
request 16: store.sell
request 17: prompt.reply
request 18: store.buy
request 19: prompt.reply
request 20: store.leave
request 20: terminal.input
request 21: command.execute
request 22: store.buy
request 23: store.buy
request 24: prompt.reply
request 25: store.sell
request 26: prompt.reply
request 27: store.leave
request 27: terminal.input
request 28: session.close
PASS: session returned to host; 3154 checks, 32 requests, 32 responses
